// Jest Snapshot v1, https://goo.gl/fbAQLP

exports[`renders with orders specified 1`] = `
<View
  style={
    Object {
      "borderColor": "orange",
      "borderWidth": 1,
      "flex": 1,
    }
  }
>
  <Text>
    Chat for order: 
    1
    - 
    shipped
  </Text>
  <RCTScrollView
    onContentSizeChange={[Function]}
    showsVerticalScrollIndicator={true}
    style={
      Object {
        "borderColor": "purple",
        "borderWidth": 1,
        "flex": 1,
      }
    }
  >
    <View>
      <View
        style={
          Object {
            "alignSelf": "stretch",
            "backgroundColor": "lightgrey",
            "flex": 1,
            "flexDirection": "row",
            "margin": 10,
          }
        }
      >
        <Text
          style={
            Object {
              "flex": 1,
            }
          }
        >
           
        </Text>
        <Text
          style={
            Object {
              "flex": 1,
              "textAlign": "right",
            }
          }
        />
      </View>
    </View>
  </RCTScrollView>
  <TextInput
    allowFontScaling={true}
    onSubmitEditing={[Function]}
    placeholder="Enter a message..."
    rejectResponderTermination={true}
    returnKeyType="send"
    style={
      Object {
        "borderWidth": 1,
        "height": 40,
        "margin": 10,
      }
    }
    underlineColorAndroid="transparent"
  />
</View>
`;

exports[`renders with orders specified 2`] = `
<View
  style={
    Object {
      "borderColor": "orange",
      "borderWidth": 1,
      "flex": 1,
    }
  }
>
  <Text>
    Chat for order: 
    1
    - 
    shipped
  </Text>
  <RCTScrollView
    onContentSizeChange={[Function]}
    showsVerticalScrollIndicator={true}
    style={
      Object {
        "borderColor": "purple",
        "borderWidth": 1,
        "flex": 1,
      }
    }
  >
    <View>
      <View
        style={
          Object {
            "alignSelf": "stretch",
            "backgroundColor": "lightgrey",
            "flex": 1,
            "flexDirection": "row",
            "margin": 10,
          }
        }
      >
        <Text
          style={
            Object {
              "flex": 1,
            }
          }
        >
           
        </Text>
        <Text
          style={
            Object {
              "flex": 1,
              "textAlign": "right",
            }
          }
        />
      </View>
    </View>
  </RCTScrollView>
  <TextInput
    allowFontScaling={true}
    onSubmitEditing={[Function]}
    placeholder="Enter a message..."
    rejectResponderTermination={true}
    returnKeyType="send"
    style={
      Object {
        "borderWidth": 1,
        "height": 40,
        "margin": 10,
      }
    }
    underlineColorAndroid="transparent"
  />
</View>
`;
